Copyright 1986-2019 Xilinx, Inc. All Rights Reserved.
-------------------------------------------------------------------------------------------------------------------------------------------------------------
| Tool Version     : Vivado v.2019.1 (win64) Build 2552052 Fri May 24 14:49:42 MDT 2019
| Date             : Thu May  8 10:42:07 2025
| Host             : HUANGYILUMA58AA running 64-bit major release  (build 9200)
| Command          : report_power -file sc_cpu_iotest_power_routed.rpt -pb sc_cpu_iotest_power_summary_routed.pb -rpx sc_cpu_iotest_power_routed.rpx
| Design           : sc_cpu_iotest
| Device           : xc7a50tcsg324-1
| Design State     : routed
| Grade            : commercial
| Process          : typical
| Characterization : Production
-------------------------------------------------------------------------------------------------------------------------------------------------------------

Power Report

Table of Contents
-----------------
1. Summary
1.1 On-Chip Components
1.2 Power Supply Summary
1.3 Confidence Level
2. Settings
2.1 Environment
2.2 Clock Constraints
3. Detailed Reports
3.1 By Hierarchy

1. Summary
----------

+--------------------------+----------------------------------+
| Total On-Chip Power (W)  | 82.149 (Junction temp exceeded!) |
| Design Power Budget (W)  | Unspecified*                     |
| Power Budget Margin (W)  | NA                               |
| Dynamic (W)              | 81.663                           |
| Device Static (W)        | 0.487                            |
| Effective TJA (C/W)      | 4.8                              |
| Max Ambient (C)          | 0.0                              |
| Junction Temperature (C) | 125.0                            |
| Confidence Level         | Low                              |
| Setting File             | ---                              |
| Simulation Activity File | ---                              |
| Design Nets Matched      | NA                               |
+--------------------------+----------------------------------+
* Specify Design Power Budget using, set_operating_conditions -design_power_budget <value in Watts>


1.1 On-Chip Components
----------------------

+----------------+-----------+----------+-----------+-----------------+
| On-Chip        | Power (W) | Used     | Available | Utilization (%) |
+----------------+-----------+----------+-----------+-----------------+
| Slice Logic    |    23.467 |     6634 |       --- |             --- |
|   LUT as Logic |    22.363 |     3860 |     32600 |           11.84 |
|   CARRY4       |     0.513 |      609 |      8150 |            7.47 |
|   F7/F8 Muxes  |     0.462 |      267 |     32600 |            0.82 |
|   BUFG         |     0.076 |        3 |        32 |            9.38 |
|   Register     |     0.052 |     1178 |     65200 |            1.81 |
|   Others       |     0.000 |       26 |       --- |             --- |
| Signals        |    32.449 |     5563 |       --- |             --- |
| Block RAM      |     1.086 |        1 |        75 |            1.33 |
| I/O            |    24.661 |       52 |       210 |           24.76 |
| Static Power   |     0.487 |          |           |                 |
| Total          |    82.149 |          |           |                 |
+----------------+-----------+----------+-----------+-----------------+


1.2 Power Supply Summary
------------------------

+-----------+-------------+-----------+-------------+------------+
| Source    | Voltage (V) | Total (A) | Dynamic (A) | Static (A) |
+-----------+-------------+-----------+-------------+------------+
| Vccint    |       1.000 |    57.305 |      56.964 |      0.341 |
| Vccaux    |       1.800 |     0.955 |       0.902 |      0.053 |
| Vcco33    |       3.300 |     6.969 |       6.968 |      0.001 |
| Vcco25    |       2.500 |     0.000 |       0.000 |      0.000 |
| Vcco18    |       1.800 |     0.000 |       0.000 |      0.000 |
| Vcco15    |       1.500 |     0.000 |       0.000 |      0.000 |
| Vcco135   |       1.350 |     0.000 |       0.000 |      0.000 |
| Vcco12    |       1.200 |     0.000 |       0.000 |      0.000 |
| Vccaux_io |       1.800 |     0.000 |       0.000 |      0.000 |
| Vccbram   |       1.000 |     0.092 |       0.082 |      0.010 |
| MGTAVcc   |       1.000 |     0.000 |       0.000 |      0.000 |
| MGTAVtt   |       1.200 |     0.000 |       0.000 |      0.000 |
| Vccadc    |       1.800 |     0.020 |       0.000 |      0.020 |
+-----------+-------------+-----------+-------------+------------+


1.3 Confidence Level
--------------------

+-----------------------------+------------+--------------------------------------------------------+--------------------------------------------------------------------------------------------------------------------+
| User Input Data             | Confidence | Details                                                | Action                                                                                                             |
+-----------------------------+------------+--------------------------------------------------------+--------------------------------------------------------------------------------------------------------------------+
| Design implementation state | High       | Design is routed                                       |                                                                                                                    |
| Clock nodes activity        | Low        | User specified less than 75% of clocks                 | Provide missing clock activity with a constraint file, simulation results or by editing the "By Clock Domain" view |
| I/O nodes activity          | Low        | More than 75% of inputs are missing user specification | Provide missing input activity with simulation results or by editing the "By Resource Type -> I/Os" view           |
| Internal nodes activity     | Medium     | User specified less than 25% of internal nodes         | Provide missing internal nodes activity with simulation results or by editing the "By Resource Type" views         |
| Device models               | High       | Device models are Production                           |                                                                                                                    |
|                             |            |                                                        |                                                                                                                    |
| Overall confidence level    | Low        |                                                        |                                                                                                                    |
+-----------------------------+------------+--------------------------------------------------------+--------------------------------------------------------------------------------------------------------------------+


2. Settings
-----------

2.1 Environment
---------------

+-----------------------+--------------------------+
| Ambient Temp (C)      | 25.0                     |
| ThetaJA (C/W)         | 4.8                      |
| Airflow (LFM)         | 250                      |
| Heat Sink             | medium (Medium Profile)  |
| ThetaSA (C/W)         | 4.6                      |
| Board Selection       | medium (10"x10")         |
| # of Board Layers     | 12to15 (12 to 15 Layers) |
| Board Temperature (C) | 25.0                     |
+-----------------------+--------------------------+


2.2 Clock Constraints
---------------------

+-------+--------+-----------------+
| Clock | Domain | Constraint (ns) |
+-------+--------+-----------------+


3. Detailed Reports
-------------------

3.1 By Hierarchy
----------------

+--------------------+-----------+
| Name               | Power (W) |
+--------------------+-----------+
| sc_cpu_iotest      |    81.662 |
|   clock_gen        |     0.099 |
|   computer_main    |    54.171 |
|     cpu            |    36.631 |
|       alu_b        |     2.700 |
|       br_adr       |     0.361 |
|       gen_Regf_din |     3.911 |
|       genjalrpc    |     0.434 |
|       ip           |     0.486 |
|       nextpc       |     0.313 |
|       pcplus4      |     0.341 |
|       result       |     0.007 |
|       rf           |    28.078 |
|     dmem           |     0.802 |
|       IO_input     |     0.018 |
|       IO_output    |     0.009 |
|       dram         |     0.776 |
|     imem           |    16.738 |
|       irom         |     5.345 |
|   dec10            |     0.445 |
|   dec32            |     0.488 |
|   dec54            |     0.495 |
|   display          |     0.345 |
|     decode7seg     |     0.143 |
+--------------------+-----------+


